// Jest Snapshot v1, https://goo.gl/fbAQLP

exports[`ActorProfile Snapshot 1`] = `
<DocumentFragment>
  <div
    class="mainWrapper"
  >
    <div
      class="photosWrapper"
    >
      <div
        class="photosGrid"
      />
    </div>
    <div
      class="cardsWrapper"
    />
  </div>
</DocumentFragment>
`;
