// Jest Snapshot v1, https://goo.gl/fbAQLP

exports[`LanguageToggler should renders correctly 1`] = `
<DocumentFragment>
  <div
    class="dropdownWrapper"
  >
    <button
      class="dropdownBtn"
    >
      EN
    </button>
  </div>
</DocumentFragment>
`;
