// Jest Snapshot v1, https://goo.gl/fbAQLP

exports[`MovieTitleCard MovieTitleCard snapshot 1`] = `
<DocumentFragment>
  <div
    class="movieTitleWrapper"
    id="278"
  >
    <div
      class="ratingMovie"
    >
      <p
        class="rating"
      >
        8.7
      </p>
    </div>
    <div
      class="movieCardWrapper"
    >
      <div
        class="imgCardWrapper"
      >
        <img
          alt="The Shawshank Redemption"
          height="100%"
          src="https://image.tmdb.org/t/p/w500//q6y0Go1tsGEsmtFryDOJo3dEmqu.jpg"
        />
      </div>
    </div>
    <div
      class="infoWrapper"
    >
      <div
        class="titleWrapper"
      >
        <p
          class="heading"
        >
          Title:
        </p>
        <h2
          class="title"
        >
          The Shawshank Redemption
        </h2>
      </div>
      <div
        class="otherInfoWrapper"
      >
        <p
          class="heading"
        >
          Overview:
        </p>
        <p
          class="infoField"
        >
          Framed in the 1940s for the double murder of his wife and her lover, upstanding banker Andy Dufresne begins a new life at the Shawshank prison, where he puts his accounting skills to work for an amoral warden. During his long stretch in prison, Dufresne comes to be admired by the other inmates -- including an older prisoner named Red -- for his integrity and unquenchable sense of hope.
        </p>
      </div>
      <div
        class="otherInfoWrapper"
      >
        <p
          class="heading"
        >
          Release date:
        </p>
        <p
          class="infoField"
        >
          1994-09-23
        </p>
      </div>
      <div
        class="otherInfoWrapper"
      >
        <p
          class="heading"
        >
          Revenue:
        </p>
        <p
          class="infoField"
        >
          $ 28 341 469
        </p>
      </div>
      <div
        class="otherInfoWrapper"
      >
        <p
          class="heading"
        >
          Duration:
        </p>
        <p
          class="infoField"
        >
          142 min
        </p>
      </div>
      <div
        class="genreWrapper"
      >
        <div
          class="genre"
        >
          <span>
            Drama
          </span>
        </div>
        <div
          class="genre"
        >
          <span>
            Crime
          </span>
        </div>
      </div>
    </div>
  </div>
   
</DocumentFragment>
`;
