// Jest Snapshot v1, https://goo.gl/fbAQLP

exports[`Main Main snapshot 1`] = `
<DocumentFragment>
  <div
    class="mainWrapper"
  >
    return 
    <h2>
      NO RESULTS FOUND
    </h2>
    ;
  </div>
</DocumentFragment>
`;
