// Jest Snapshot v1, https://goo.gl/fbAQLP

exports[`ActorTitleInfo ActorTitleInfo snapshot 1`] = `[Function]`;
