// Jest Snapshot v1, https://goo.gl/fbAQLP

exports[`Form Snapshot 1`] = `
<DocumentFragment>
  <div
    class="formWrapper"
  >
    <form
      class="form"
      id="form"
    >
      <input
        autocomplete="off"
        class="input"
        id="input_search"
        placeholder="Movies"
        type="search"
        value=""
      />
      <div
        class="search"
        id="search"
      >
        <img
          alt=""
          id="search"
          src="search.png"
          width="16px"
        />
      </div>
    </form>
  </div>
</DocumentFragment>
`;
