// Jest Snapshot v1, https://goo.gl/fbAQLP

exports[`App test 1`] = `
<DocumentFragment>
  <div
    class="wrapper"
  >
    <div
      class="boundaryWrapper"
    >
      <h2
        color="wite"
      >
        An error has occurred on the header component. Please try to refresh the page
      </h2>
    </div>
    <div
      class="boundaryWrapper"
    >
      <h2
        color="wite"
      >
        An error has occurred on the main page. Please try to refresh the page
      </h2>
    </div>
    <div
      class="boundaryWrapper"
    >
      <h2
        color="wite"
      >
        An error has occurred on the movie details page. Please try to refresh the page
      </h2>
    </div>
    <div
      class="boundaryWrapper"
    >
      <h2
        color="wite"
      >
        An error has occurred on the actor profile page. Please try to refresh the page
      </h2>
    </div>
  </div>
</DocumentFragment>
`;
