// Jest Snapshot v1, https://goo.gl/fbAQLP

exports[`MovieCard MovieCard snapshot 1`] = `[Function]`;
