// Jest Snapshot v1, https://goo.gl/fbAQLP

exports[`Pagination should renders correctly 1`] = `
<DocumentFragment>
  <div
    class="paginationWrapper"
  />
</DocumentFragment>
`;
